renders defaults:
  1: |
    apiVersion: v1
    data:
      config.yaml: |
        hostPort: :8443
        routing:
          default: default
        upstreams:
        - hostPort: localhost:7233
          name: default
    kind: ConfigMap
    metadata:
      labels:
        app.kubernetes.io/instance: temporal-proxy
        app.kubernetes.io/managed-by: Helm
        app.kubernetes.io/name: temporal-proxy
        app.kubernetes.io/version: 1.0.0
        helm.sh/chart: temporal-proxy-1.0.0
      name: temporal-proxy
      namespace: temporal-proxy
